
youce@DESKTOP-BL4E8UK MINGW64 ~
$ ls
'3D Objects'/
 AppData/
'Application Data'@
 Contacts/
 Cookies@
 Desktop/
 Documents/
 Downloads/
 Favorites/
 IntelGraphicsProfiles/
 Links/
'Local Settings'@
'Menu Démarrer'@
'Mes documents'@
 MicrosoftEdgeBackups/
 Modèles@
 Music/
 NTUSER.DAT
 NTUSER.DAT{53b39e88-18c4-11ea-a811-000d3aa4692b}.TM.blf
 NTUSER.DAT{53b39e88-18c4-11ea-a811-000d3aa4692b}.TMContainer00000000000000000001.regtrans-ms
 NTUSER.DAT{53b39e88-18c4-11ea-a811-000d3aa4692b}.TMContainer00000000000000000002.regtrans-ms
 OneDrive/
 Pictures/
 Recent@
'Saved Games'/
 Searches/
 SendTo@
 Videos/
"Voisinage d'impression"@
'Voisinage réseau'@
 anaconda3/
 eclipse/
 ntuser.dat.LOG1
 ntuser.dat.LOG2
 ntuser.ini
 source/

youce@DESKTOP-BL4E8UK MINGW64 ~
$ pwd
/c/Users/youce

youce@DESKTOP-BL4E8UK MINGW64 ~
$ cd Bureau
bash: cd: Bureau: No such file or directory

youce@DESKTOP-BL4E8UK MINGW64 ~
$ cd Desktop

youce@DESKTOP-BL4E8UK MINGW64 ~/Desktop
$ ls
 1591538215494.jpg
 Atom.lnk*
'Ce PC - Raccourci.lnk'*
'Eclipse IDE for Eclipse Committers - 2020-09.lnk'*
 GameLoop.lnk*
'Microsoft Teams.lnk'*
 Projet_SiteWEB/
 Python_CDA_2020/
 WhatsApp.lnk*
'Wondershare EdrawMax.lnk'*
 desktop.ini

youce@DESKTOP-BL4E8UK MINGW64 ~/Desktop
$ cd Projet_SiteWEB/

youce@DESKTOP-BL4E8UK MINGW64 ~/Desktop/Projet_SiteWEB
$ git status
fatal: not a git repository (or any of the parent directories): .git

youce@DESKTOP-BL4E8UK MINGW64 ~/Desktop/Projet_SiteWEB
$ git init
Initialized empty Git repository in C:/Users/youce/Desktop/Projet_SiteWEB/.git/

youce@DESKTOP-BL4E8UK MINGW64 ~/Desktop/Projet_SiteWEB (master)
$ git status
On branch master

No commits yet

Untracked files:
  (use "git add <file>..." to include in what will be committed)
        article1.html
        article2.html
        article3_CRBBM.html
        index.html
        inscription.html
        public/

nothing added to commit but untracked files present (use "git add" to track)

youce@DESKTOP-BL4E8UK MINGW64 ~/Desktop/Projet_SiteWEB (master)
$ cd ..

youce@DESKTOP-BL4E8UK MINGW64 ~/Desktop
$ cd SiteWeb-ASBM/

youce@DESKTOP-BL4E8UK MINGW64 ~/Desktop/SiteWeb-ASBM (master)
$ git init
Reinitialized existing Git repository in C:/Users/youce/Desktop/SiteWeb-ASBM/.git/

youce@DESKTOP-BL4E8UK MINGW64 ~/Desktop/SiteWeb-ASBM (master)
$ git remote add origin https://github.com/YoucefAST/SiteWeb-ASBM.git

youce@DESKTOP-BL4E8UK MINGW64 ~/Desktop/SiteWeb-ASBM (master)
$ git remote -v
origin  https://github.com/YoucefAST/SiteWeb-ASBM.git (fetch)
origin  https://github.com/YoucefAST/SiteWeb-ASBM.git (push)

youce@DESKTOP-BL4E8UK MINGW64 ~/Desktop/SiteWeb-ASBM (master)
$ git add .

youce@DESKTOP-BL4E8UK MINGW64 ~/Desktop/SiteWeb-ASBM (master)
$ git commit -m "Premier depot de mon projet sur github"
Author identity unknown

*** Please tell me who you are.

Run

  git config --global user.email "you@example.com"
  git config --global user.name "Your Name"

to set your account's default identity.
Omit --global to set the identity only in this repository.

fatal: unable to auto-detect email address (got 'youce@DESKTOP-BL4E8UK.(none)')

youce@DESKTOP-BL4E8UK MINGW64 ~/Desktop/SiteWeb-ASBM (master)
$ git config --global user.email "joseph_071953@yahoo.com"

youce@DESKTOP-BL4E8UK MINGW64 ~/Desktop/SiteWeb-ASBM (master)
$ git config --global user.name "YoucefAST"

youce@DESKTOP-BL4E8UK MINGW64 ~/Desktop/SiteWeb-ASBM (master)
$ git commit -m "Premier depot de mon projet sur github"
[master (root-commit) 58b9227] Premier depot de mon projet sur github
 26 files changed, 864 insertions(+)
 create mode 100644 article1.html
 create mode 100644 article2.html
 create mode 100644 article3_CRBBM.html
 create mode 100644 index.html
 create mode 100644 inscription.html
 create mode 100644 public/css/article-view.css
 create mode 100644 public/css/article-view2.css
 create mode 100644 public/css/article-view3.css
 create mode 100644 public/css/base.css
 create mode 100644 public/css/form.css
 create mode 100644 public/css/header.css
 create mode 100644 public/css/images.css
 create mode 100644 public/images/121697048_181959726912068_5177204976137882793_o.jpg
 create mode 100644 public/images/Inkedsitemaps_LI.jpg
 create mode 100644 public/images/home.png
 create mode 100644 public/images/image1.jpg
 create mode 100644 public/images/image2.jpg
 create mode 100644 public/images/image3.jpg
 create mode 100644 public/images/image4.jpg
 create mode 100644 public/images/image5.jpg
 create mode 100644 public/images/logo.jpg
 create mode 100644 public/images/logoicon.ico
 create mode 100644 public/images/sitemaps.png
 create mode 100644 public/images/stade.jpg
 create mode 100644 public/images/startup.jpg
 create mode 100644 public/js/app.js

youce@DESKTOP-BL4E8UK MINGW64 ~/Desktop/SiteWeb-ASBM (master)
$ git push origin master
Enumerating objects: 32, done.
Counting objects: 100% (32/32), done.
Delta compression using up to 8 threads
Compressing objects: 100% (31/31), done.
Writing objects: 100% (32/32), 4.32 MiB | 1.25 MiB/s, done.
Total 32 (delta 5), reused 0 (delta 0), pack-reused 0
remote: Resolving deltas: 100% (5/5), done.
remote:
remote: Create a pull request for 'master' on GitHub by visiting:
remote:      https://github.com/YoucefAST/SiteWeb-ASBM/pull/new/master
remote:
To https://github.com/YoucefAST/SiteWeb-ASBM.git
 * [new branch]      master -> master

youce@DESKTOP-BL4E8UK MINGW64 ~/Desktop/SiteWeb-ASBM (master)
$ git status
On branch master
Changes not staged for commit:
  (use "git add <file>..." to update what will be committed)
  (use "git restore <file>..." to discard changes in working directory)
        modified:   inscription.html

no changes added to commit (use "git add" and/or "git commit -a")

youce@DESKTOP-BL4E8UK MINGW64 ~/Desktop/SiteWeb-ASBM (master)
$ git commit -m "Petite modification sur le fichier inscription.html"
On branch master
Changes not staged for commit:
  (use "git add <file>..." to update what will be committed)
  (use "git restore <file>..." to discard changes in working directory)
        modified:   inscription.html

no changes added to commit (use "git add" and/or "git commit -a")

youce@DESKTOP-BL4E8UK MINGW64 ~/Desktop/SiteWeb-ASBM (master)
$ git add .^C

youce@DESKTOP-BL4E8UK MINGW64 ~/Desktop/SiteWeb-ASBM (master)
$ git add inscription.html

youce@DESKTOP-BL4E8UK MINGW64 ~/Desktop/SiteWeb-ASBM (master)
$ git status
On branch master
Changes to be committed:
  (use "git restore --staged <file>..." to unstage)
        modified:   inscription.html


youce@DESKTOP-BL4E8UK MINGW64 ~/Desktop/SiteWeb-ASBM (master)
$ git commit -m "Petite modification sur le fichier inscription.html"
[master 0e7188a] Petite modification sur le fichier inscription.html
 1 file changed, 3 insertions(+), 2 deletions(-)

youce@DESKTOP-BL4E8UK MINGW64 ~/Desktop/SiteWeb-ASBM (master)
$ git push
fatal: The current branch master has no upstream branch.
To push the current branch and set the remote as upstream, use

    git push --set-upstream origin master


youce@DESKTOP-BL4E8UK MINGW64 ~/Desktop/SiteWeb-ASBM (master)
$ git push origin master
To https://github.com/YoucefAST/SiteWeb-ASBM.git
 ! [rejected]        master -> master (fetch first)
error: failed to push some refs to 'https://github.com/YoucefAST/SiteWeb-ASBM.git'
hint: Updates were rejected because the remote contains work that you do
hint: not have locally. This is usually caused by another repository pushing
hint: to the same ref. You may want to first integrate the remote changes
hint: (e.g., 'git pull ...') before pushing again.
hint: See the 'Note about fast-forwards' in 'git push --help' for details.

youce@DESKTOP-BL4E8UK MINGW64 ~/Desktop/SiteWeb-ASBM (master)
$ git push origin master -f
Enumerating objects: 35, done.
Counting objects: 100% (35/35), done.
Delta compression using up to 8 threads
Compressing objects: 100% (34/34), done.
error: RPC failed; curl 18 transfer closed with outstanding read data remaining
fatal: the remote end hung up unexpectedly231.00 KiB/s
Writing objects: 100% (35/35), 4.32 MiB | 283.00 KiB/s, done.
Total 35 (delta 7), reused 0 (delta 0), pack-reused 0
fatal: the remote end hung up unexpectedly
Everything up-to-date

youce@DESKTOP-BL4E8UK MINGW64 ~/Desktop/SiteWeb-ASBM (master)
$ git status
On branch master
nothing to commit, working tree clean

youce@DESKTOP-BL4E8UK MINGW64 ~/Desktop/SiteWeb-ASBM (master)
$ git add inscription.html

youce@DESKTOP-BL4E8UK MINGW64 ~/Desktop/SiteWeb-ASBM (master)
$ git status
On branch master
nothing to commit, working tree clean

youce@DESKTOP-BL4E8UK MINGW64 ~/Desktop/SiteWeb-ASBM (master)
$ git log
commit 0e7188a7617ef3836bc35047aa027d8f03b49e9e (HEAD -> master)
Author: YoucefAST <joseph_071953@yahoo.com>
Date:   Sun Dec 27 21:14:10 2020 +0100

    Petite modification sur le fichier inscription.html

commit 58b92271252f4b88fc53c6caf38c55c512b9ed5c (origin/master)
Author: YoucefAST <joseph_071953@yahoo.com>
Date:   Sun Dec 27 20:45:16 2020 +0100

    Premier depot de mon projet sur github

youce@DESKTOP-BL4E8UK MINGW64 ~/Desktop/SiteWeb-ASBM (master)
$ git push
fatal: The current branch master has no upstream branch.
To push the current branch and set the remote as upstream, use

    git push --set-upstream origin master


youce@DESKTOP-BL4E8UK MINGW64 ~/Desktop/SiteWeb-ASBM (master)
$ git push --set-upstream origin master
To https://github.com/YoucefAST/SiteWeb-ASBM.git
 ! [rejected]        master -> master (fetch first)
error: failed to push some refs to 'https://github.com/YoucefAST/SiteWeb-ASBM.git'
hint: Updates were rejected because the remote contains work that you do
hint: not have locally. This is usually caused by another repository pushing
hint: to the same ref. You may want to first integrate the remote changes
hint: (e.g., 'git pull ...') before pushing again.
hint: See the 'Note about fast-forwards' in 'git push --help' for details.

youce@DESKTOP-BL4E8UK MINGW64 ~/Desktop/SiteWeb-ASBM (master)
$ git push origin master --force
Enumerating objects: 35, done.
Counting objects: 100% (35/35), done.
Delta compression using up to 8 threads
Compressing objects: 100% (34/34), done.
error: RPC failed; curl 18 transfer closed with outstanding read data remaining
fatal: the remote end hung up unexpectedly44.00 KiB/s
Writing objects: 100% (35/35), 4.32 MiB | 53.00 KiB/s, done.
Total 35 (delta 7), reused 0 (delta 0), pack-reused 0
fatal: the remote end hung up unexpectedly
Everything up-to-date

youce@DESKTOP-BL4E8UK MINGW64 ~/Desktop/SiteWeb-ASBM (master)
$ git status
On branch master
Changes not staged for commit:
  (use "git add <file>..." to update what will be committed)
  (use "git restore <file>..." to discard changes in working directory)
        modified:   inscription.html
        modified:   public/css/form.css

no changes added to commit (use "git add" and/or "git commit -a")

youce@DESKTOP-BL4E8UK MINGW64 ~/Desktop/SiteWeb-ASBM (master)
$ git add inscription.html public/css/form.css

youce@DESKTOP-BL4E8UK MINGW64 ~/Desktop/SiteWeb-ASBM (master)
$ git status
On branch master
Changes to be committed:
  (use "git restore --staged <file>..." to unstage)
        modified:   inscription.html
        modified:   public/css/form.css


youce@DESKTOP-BL4E8UK MINGW64 ~/Desktop/SiteWeb-ASBM (master)
$ git commit -m "Petite modification sur les fichiers inscription.html et form.css"
[master 03854fa] Petite modification sur les fichiers inscription.html et form.css
 2 files changed, 20 insertions(+), 9 deletions(-)

youce@DESKTOP-BL4E8UK MINGW64 ~/Desktop/SiteWeb-ASBM (master)
$ git push origin master
To https://github.com/YoucefAST/SiteWeb-ASBM.git
 ! [rejected]        master -> master (fetch first)
error: failed to push some refs to 'https://github.com/YoucefAST/SiteWeb-ASBM.git'
hint: Updates were rejected because the remote contains work that you do
hint: not have locally. This is usually caused by another repository pushing
hint: to the same ref. You may want to first integrate the remote changes
hint: (e.g., 'git pull ...') before pushing again.
hint: See the 'Note about fast-forwards' in 'git push --help' for details.

youce@DESKTOP-BL4E8UK MINGW64 ~/Desktop/SiteWeb-ASBM (master)
$ git push origin master -f
Enumerating objects: 41, done.
Counting objects: 100% (41/41), done.
Delta compression using up to 8 threads
Compressing objects: 100% (40/40), done.
Writing objects: 100% (41/41), 4.32 MiB | 40.00 KiB/s, done.
Total 41 (delta 11), reused 0 (delta 0), pack-reused 0
remote: Resolving deltas: 100% (11/11), done.
To https://github.com/YoucefAST/SiteWeb-ASBM.git
 + 303bdb2...03854fa master -> master (forced update)

youce@DESKTOP-BL4E8UK MINGW64 ~/Desktop/SiteWeb-ASBM (master)
$
